// Jest Snapshot v1, https://goo.gl/fbAQLP

exports[`Renders App component correctly 1`] = `ShallowWrapper {}`;
