// Jest Snapshot v1, https://goo.gl/fbAQLP

exports[`Renders product card component correctly  1`] = `ReactWrapper {}`;

exports[`Renders the Product Name Correctly  1`] = `ReactWrapper {}`;
